main.c:67:5:main	72	static
main.c:124:6:SystemClock_Config	72	static
main.c:160:13:MX_USART1_UART_Init	8	static
main.c:264:13:MX_GPIO_Init	16	static
main.c:273:6:Flash_Erase_One_Page	112	static
main.c:307:6:Flash_Write_uint32	96	static
main.c:330:10:Flash_Read_uint32	96	static
main.c:345:6:Flash_Write_uint16	96	static
main.c:368:10:Flash_Read_uint16	96	static
main.c:383:6:Flash_Write_uint64	112	static
main.c:407:10:Flash_Read_uint64	104	static
main.c:423:6:Flash_Write_Byte_Array	112	static
main.c:458:6:Flash_Read_By_Byte	96	static
main.c:480:6:Error_Handler	4	static,ignoring_inline_asm
